******************************************************************************
                  TI ARM Linker PC v16.12.0                    
******************************************************************************
>> Linked Sat May 13 20:10:33 2017

OUTPUT FILE NAME:   <Timers.out>
ENTRY POINT SYMBOL: "_c_int00"  address: 000005c5


MEMORY CONFIGURATION

         name            origin    length      used     unused   attr    fill
----------------------  --------  ---------  --------  --------  ----  --------
  FLASH                 00000000   00040000  00000736  0003f8ca  R  X
  SRAM                  20000000   00008000  0000024c  00007db4  RW X


SEGMENT ALLOCATION MAP

run origin  load origin   length   init length attrs members
----------  ----------- ---------- ----------- ----- -------
00000000    00000000    00000738   00000738    r-x
  00000000    00000000    0000026c   0000026c    r-- .intvecs
  0000026c    0000026c    0000049a   0000049a    r-x .text
  00000708    00000708    00000030   00000030    r-- .cinit
20000000    20000000    0000024c   00000000    rw-
  20000000    20000000    00000200   00000000    rw- .stack
  20000200    20000200    0000004c   00000000    rw- .data


SECTION ALLOCATION MAP

 output                                  attributes/
section   page    origin      length       input sections
--------  ----  ----------  ----------   ----------------
.intvecs   0    00000000    0000026c     
                  00000000    0000026c     tm4c123gh6pm_startup_ccs.obj (.intvecs)

.text      0    0000026c    0000049a     
                  0000026c    000001e4     main.obj (.text)
                  00000450    0000009c     rtsv7M4_T_le_v4SPD16_eabi.lib : memcpy_t2.obj (.text)
                  000004ec    00000070                                   : autoinit.obj (.text)
                  0000055c    00000068                                   : copy_decompress_lzss.obj (.text:decompress:lzss)
                  000005c4    00000054                                   : boot.obj (.text)
                  00000618    00000054                                   : exit.obj (.text)
                  0000066c    0000004c                                   : cpy_tbl.obj (.text)
                  000006b8    00000018                                   : args_main.obj (.text)
                  000006d0    00000014                                   : _lock.obj (.text)
                  000006e4    0000000e                                   : copy_decompress_none.obj (.text:decompress:none)
                  000006f2    0000000c     tm4c123gh6pm_startup_ccs.obj (.text)
                  000006fe    00000004     rtsv7M4_T_le_v4SPD16_eabi.lib : pre_init.obj (.text)
                  00000702    00000002                                   : mpu_init.obj (.text)
                  00000704    00000002                                   : startup.obj (.text)

.cinit     0    00000708    00000030     
                  00000708    0000001f     (.cinit..data.load) [load image, compression = lzss]
                  00000727    00000001     --HOLE-- [fill = 0]
                  00000728    00000008     (__TI_handler_table)
                  00000730    00000008     (__TI_cinit_table)

.init_array 
*          0    00000000    00000000     UNINITIALIZED

.data      0    20000200    0000004c     UNINITIALIZED
                  20000200    00000028     main.obj (.data:jogo)
                  20000228    0000000c     rtsv7M4_T_le_v4SPD16_eabi.lib : exit.obj (.data:$O1$$)
                  20000234    0000000c     main.obj (.data)
                  20000240    00000008     rtsv7M4_T_le_v4SPD16_eabi.lib : _lock.obj (.data:$O1$$)
                  20000248    00000004                                   : stkdepth_vars.obj (.data)

.stack     0    20000000    00000200     UNINITIALIZED
                  20000000    00000200     --HOLE--

MODULE SUMMARY

       Module                         code   ro data   rw data
       ------                         ----   -------   -------
    .\
       tm4c123gh6pm_startup_ccs.obj   12     620       0      
       main.obj                       484    0         52     
    +--+------------------------------+------+---------+---------+
       Total:                         496    620       52     
                                                              
    C:\programas\ti\ccsv7\tools\compiler\ti-cgt-arm_16.12.0.STS\lib\rtsv7M4_T_le_v4SPD16_eabi.lib
       memcpy_t2.obj                  156    0         0      
       autoinit.obj                   112    0         0      
       copy_decompress_lzss.obj       104    0         0      
       exit.obj                       84     0         12     
       boot.obj                       84     0         0      
       cpy_tbl.obj                    76     0         0      
       _lock.obj                      20     0         8      
       args_main.obj                  24     0         0      
       copy_decompress_none.obj       14     0         0      
       pre_init.obj                   4      0         0      
       stkdepth_vars.obj              0      0         4      
       mpu_init.obj                   2      0         0      
       startup.obj                    2      0         0      
    +--+------------------------------+------+---------+---------+
       Total:                         682    0         24     
                                                              
       Stack:                         0      0         512    
       Linker Generated:              0      47        0      
    +--+------------------------------+------+---------+---------+
       Grand Total:                   1178   667       588    


LINKER GENERATED COPY TABLES

__TI_cinit_table @ 00000730 records: 1, size/record: 8, table size: 8
	.data: load addr=00000708, load size=0000001f bytes, run addr=20000200, run size=0000004c bytes, compression=lzss


LINKER GENERATED HANDLER TABLE

__TI_handler_table @ 00000728 records: 2, size/record: 4, table size: 8
	index: 0, handler: __TI_decompress_lzss
	index: 1, handler: __TI_decompress_none


GLOBAL SYMBOLS: SORTED ALPHABETICALLY BY Name 

address   name                           
-------   ----                           
00000619  C$$EXIT                        
000006f3  ResetISR                       
UNDEFED   SHT$$INIT_ARRAY$$Base          
UNDEFED   SHT$$INIT_ARRAY$$Limit         
20000200  __STACK_END                    
00000200  __STACK_SIZE                   
20000200  __STACK_TOP                    
00000730  __TI_CINIT_Base                
00000738  __TI_CINIT_Limit               
00000728  __TI_Handler_Table_Base        
00000730  __TI_Handler_Table_Limit       
000004ed  __TI_auto_init                 
20000228  __TI_cleanup_ptr               
0000055d  __TI_decompress_lzss           
000006e5  __TI_decompress_none           
2000022c  __TI_dtors_ptr                 
20000230  __TI_enable_exit_profile_output
ffffffff  __TI_pprof_out_hndl            
ffffffff  __TI_prof_data_size            
ffffffff  __TI_prof_data_start           
00000000  __TI_static_base__             
00000451  __aeabi_memcpy                 
00000451  __aeabi_memcpy4                
00000451  __aeabi_memcpy8                
ffffffff  __binit__                      
ffffffff  __c_args__                     
00000703  __mpu_init                     
20000000  __stack                        
000006b9  _args_main                     
000005c5  _c_int00                       
20000240  _lock                          
000006df  _nop                           
000006d7  _register_lock                 
000006d1  _register_unlock               
00000705  _system_post_cinit             
000006ff  _system_pre_init               
20000244  _unlock                        
0000061d  abort                          
000002b5  acende                         
000002e1  apaga                          
ffffffff  binit                          
20000238  confere                        
2000023c  controleDelay                  
0000066d  copy_in                        
0000027b  delay                          
00000625  exit                           
00000000  g_pfnVectors                   
20000200  jogo                           
0000038f  main                           
20000248  main_func_sp                   
00000451  memcpy                         
20000234  pos                            
0000030d  trataJogador                   
0000026d  trataST                        


GLOBAL SYMBOLS: SORTED BY Symbol Address 

address   name                           
-------   ----                           
00000000  __TI_static_base__             
00000000  g_pfnVectors                   
00000200  __STACK_SIZE                   
0000026d  trataST                        
0000027b  delay                          
000002b5  acende                         
000002e1  apaga                          
0000030d  trataJogador                   
0000038f  main                           
00000451  __aeabi_memcpy                 
00000451  __aeabi_memcpy4                
00000451  __aeabi_memcpy8                
00000451  memcpy                         
000004ed  __TI_auto_init                 
0000055d  __TI_decompress_lzss           
000005c5  _c_int00                       
00000619  C$$EXIT                        
0000061d  abort                          
00000625  exit                           
0000066d  copy_in                        
000006b9  _args_main                     
000006d1  _register_unlock               
000006d7  _register_lock                 
000006df  _nop                           
000006e5  __TI_decompress_none           
000006f3  ResetISR                       
000006ff  _system_pre_init               
00000703  __mpu_init                     
00000705  _system_post_cinit             
00000728  __TI_Handler_Table_Base        
00000730  __TI_CINIT_Base                
00000730  __TI_Handler_Table_Limit       
00000738  __TI_CINIT_Limit               
20000000  __stack                        
20000200  __STACK_END                    
20000200  __STACK_TOP                    
20000200  jogo                           
20000228  __TI_cleanup_ptr               
2000022c  __TI_dtors_ptr                 
20000230  __TI_enable_exit_profile_output
20000234  pos                            
20000238  confere                        
2000023c  controleDelay                  
20000240  _lock                          
20000244  _unlock                        
20000248  main_func_sp                   
ffffffff  __TI_pprof_out_hndl            
ffffffff  __TI_prof_data_size            
ffffffff  __TI_prof_data_start           
ffffffff  __binit__                      
ffffffff  __c_args__                     
ffffffff  binit                          
UNDEFED   SHT$$INIT_ARRAY$$Base          
UNDEFED   SHT$$INIT_ARRAY$$Limit         

[54 symbols]
